C51 COMPILER V9.01   MAIN                                                                  05/16/2019 10:07:06 PAGE 1   


C51 COMPILER V9.01, COMPILATION OF MODULE MAIN
OBJECT MODULE PLACED IN main.OBJ
COMPILER INVOKED BY: E:\Keil\C51\BIN\C51.EXE main.c BROWSE DEBUG OBJECTEXTEND

line level    source

   1          #include "reg52.h"                       //此文件中定义了单片机的一些特殊功能寄存器
   2          #include<intrins.h>
   3          typedef unsigned int u16;         //对数据类型进行声明定义
   4          typedef unsigned char u8;
   5          
   6          #define ledd P2
   7          
   8          u16 flag = 1,ii;
   9          
  10          sbit led = P2^0;                 //将单片机的P2.0端口定义为led
  11          sbit k3 = P3^2;                 //定义按键K3
  12          sbit k4 = P3^3;                 //定义按键K4
  13          sbit k2 = P3^0;
  14          sbit led1 = P2^5;
  15          
  16          void delay(u16 i)
  17          {
  18   1              while(i --);    
  19   1      }
  20          
  21          void Int0Init()
  22          {
  23   1              //设置INT0
  24   1              IT0 = 1;//跳变沿出发方式（下降沿）
  25   1              EX0 = 1;//打开INT0的中断允许。  
  26   1              EA = 1;//打开总中断     
  27   1      }
  28          
  29          
  30          void Int1Init()
  31          {
  32   1              //设置INT1
  33   1              IT1 = 1;//跳变沿出发方式（下降沿）
  34   1              EX1 = 1;//打开INT1的中断允许。  
  35   1              EA = 1;//打开总中断     
  36   1      }
  37          
  38          //胜利oid keypros()
  39          //{
  40          //      if(k2==0)                 //检测按键K1是否按下
  41          //      {       
  42          //              for(ii=0;ii<4;ii++)
  43          //              delay(1000);   //消除抖动 一般大约10ms
  44          //              if(k2==0)        //再次判断按键是否按下
  45          //              {
  46          //               //led1 =~ led1;        
  47          //                      if (flag==1) flag=0;
  48          //                      if (flag==0) flag=1;
  49          //              }
  50          //              while(!k2);      //检测按键是否松开
  51          //      }               
  52          //}
  53          
  54          void main()
  55          {
C51 COMPILER V9.01   MAIN                                                                  05/16/2019 10:07:06 PAGE 2   

  56   1              Int0Init();  // 设置外部中断0
  57   1              Int1Init();  // 设置外部中断1
  58   1              while(1)
  59   1                      led = 0;
  60   1      //      
  61   1      //      {
  62   1      //              keypros();
  63   1      //      }               
  64   1      }
  65          
  66          
  67          void Int0() interrupt 0         //外部中断0的中断函数
  68          {
  69   1              delay(1000);     //延时消抖
  70   1              if(k3 == 0)
  71   1              {
  72   2                      while(k4!=0)
  73   2                      {
  74   3                              led=~led;
  75   3                              delay(50000); //大约延时450ms
  76   3      //                      led=1;
  77   3      //                      delay(50000); //大约延时450ms
  78   3                      }
  79   2                              
  80   2              }
  81   1              
  82   1      }
  83          
  84          void Int1()     interrupt 2             //外部中断1的中断函数
  85          {
  86   1              delay(1000);     //延时消抖
  87   1              if(k4 == 0)
  88   1              {
  89   2                      u8 i;
  90   2                      ledd=0xfe;
  91   2                      delay(50000); //大约延时450ms   
  92   2                      while(k3!=0)
  93   2                      {                       
  94   3                              for(i=0;i<7;i++)         //将led左移一位
  95   3                              {
  96   4                                      ledd=_crol_(ledd,1);
  97   4                                      delay(50000); //大约延时450ms   
  98   4                                      if(k3==0){P2=0XFF;break;}
  99   4                              }
 100   3                              for(i=0;i<7;i++)        //将led右移一位
 101   3                              {
 102   4                                      ledd=_cror_(ledd,1);
 103   4                                      delay(50000); //大约延时450ms   
 104   4                                      if(k3==0){P2=0XFF;break;}
 105   4                              }
 106   3                                      
 107   3                      } 
 108   2              }
 109   1      }


MODULE INFORMATION:   STATIC OVERLAYABLE
   CODE SIZE        =    202    ----
   CONSTANT SIZE    =   ----    ----
   XDATA SIZE       =   ----    ----
   PDATA SIZE       =   ----    ----
   DATA SIZE        =      4       1
C51 COMPILER V9.01   MAIN                                                                  05/16/2019 10:07:06 PAGE 3   

   IDATA SIZE       =   ----    ----
   BIT SIZE         =   ----    ----
END OF MODULE INFORMATION.


C51 COMPILATION COMPLETE.  0 WARNING(S),  0 ERROR(S)
