BL51 BANKED LINKER/LOCATER V6.22                                                        05/16/2019  16:52:02  PAGE 1


BL51 BANKED LINKER/LOCATER V6.22, INVOKED BY:
E:\KEIL\C51\BIN\BL51.EXE main.obj TO test RAMSIZE (256)


MEMORY MODEL: SMALL


INPUT MODULES INCLUDED:
  main.obj (MAIN)
  E:\KEIL\C51\LIB\C51S.LIB (?C_STARTUP)


LINK MAP OF MODULE:  test (MAIN)


            TYPE    BASE      LENGTH    RELOCATION   SEGMENT NAME
            -----------------------------------------------------

            * * * * * * *   D A T A   M E M O R Y   * * * * * * *
            REG     0000H     0008H     ABSOLUTE     "REG BANK 0"
            IDATA   0008H     0001H     UNIT         ?STACK

            * * * * * * *   C O D E   M E M O R Y   * * * * * * *
            CODE    0000H     0003H     ABSOLUTE     
            CODE    0003H     0026H     UNIT         ?PR?MAIN?MAIN
            CODE    0029H     000CH     UNIT         ?C_C51STARTUP
            CODE    0035H     000BH     UNIT         ?PR?_DELAY?MAIN



OVERLAY MAP OF MODULE:   test (MAIN)


SEGMENT
  +--> CALLED SEGMENT
---------------------
?C_C51STARTUP
  +--> ?PR?MAIN?MAIN

?PR?MAIN?MAIN
  +--> ?PR?_DELAY?MAIN



SYMBOL TABLE OF MODULE:  test (MAIN)

  VALUE           TYPE          NAME
  ----------------------------------

  -------         MODULE        MAIN
  C:0000H         SYMBOL        _ICE_DUMMY_
  D:0090H         PUBLIC        P1
  D:00A0H         PUBLIC        P2
  D:00B0H         PUBLIC        P3
  D:00A8H         PUBLIC        IE
  C:0035H         PUBLIC        _delay
  D:00B8H         PUBLIC        IP
  B:0090H.7       PUBLIC        k1
BL51 BANKED LINKER/LOCATER V6.22                                                      05/16/2019  16:52:02  PAGE 2


  B:00B0H.0       PUBLIC        k2
  C:0003H         PUBLIC        main
  D:0098H         PUBLIC        SCON
  D:0088H         PUBLIC        TCON
  B:00A0H.0       PUBLIC        led
  D:00C8H         PUBLIC        T2CON
  D:00D0H         PUBLIC        PSW
  -------         PROC          _DELAY
  D:0006H         SYMBOL        i
  C:0035H         LINE#         11
  C:0035H         LINE#         12
  C:0035H         LINE#         13
  C:003FH         LINE#         14
  -------         ENDPROC       _DELAY
  -------         PROC          MAIN
  C:0003H         LINE#         16
  C:0003H         LINE#         17
  C:0003H         LINE#         19
  C:0003H         LINE#         21
  C:0003H         LINE#         22
  C:0006H         LINE#         23
  C:0006H         LINE#         24
  C:000DH         LINE#         25
  C:0010H         LINE#         26
  C:0010H         LINE#         27
  C:0012H         LINE#         28
  C:0012H         LINE#         29
  C:0015H         LINE#         30
  C:0015H         LINE#         31
  C:0018H         LINE#         32
  C:0018H         LINE#         33
  C:001FH         LINE#         34
  C:0022H         LINE#         35
  C:0022H         LINE#         36
  C:0024H         LINE#         37
  C:0024H         LINE#         38
  -------         ENDPROC       MAIN
  -------         ENDMOD        MAIN

Program Size: data=9.0 xdata=0 code=64
LINK/LOCATE RUN COMPLETE.  0 WARNING(S),  0 ERROR(S)
